╭──Protocol────────────────────────────────────────────────────────────────────╮
│ Node: v0.0.0-test                                                            │
│ Network: test-v1                                                             │
│ Consensus Upgrade Voting: false                                              │
│ Upgrade Available: true                                                      │
│                                                                              │
╰──────────────────────────────────────────────────────────────────────────────╯
