╭──Protocol────────────────────────────────────────────────────────────────────╮
│ Node: v0.0.0-test                                         [UPDATE AVAILABLE] │
│                                                                              │
│ Network: test-v1                                                             │
│                                                                              │
│ Consensus Upgrade Voting: true                                               │
╰──────────────────────────────────────────────────────────────────────────────╯
